// Jest Snapshot v1, https://jestjs.io/docs/snapshot-testing

exports[`asKeyrackAwsParamErrorGate given: [case1] no ambient identity (c13) when: [t0] classified then: the no-identity hint matches snapshot (user-faced contract) 1`] = `"for --org @all run on a box whose instance role can read this param; for a specific org, unlock that org's AWS_PROFILE first — run \`rhx keyrack unlock --owner <owner> --env <env>\` (declare the AWS_PROFILE key first if unset), never a cached SSO session; why (raw AWS): CredentialsProviderError — CredentialsProviderError"`;

exports[`asKeyrackAwsParamErrorGate given: [case2] ssm denied (c14) when: [t0] read op then: the read grant-list hint matches snapshot (user-faced) 1`] = `"add the absent grant to this identity, then re-run; why (raw AWS): AccessDeniedException — AccessDenied; aws.params unlock needs these grants on this identity:; ssm:GetParameter on parameter/keyrack/infra/vault/aws.params/*; kms:Decrypt on the key that encrypts these params (implicit on the default alias/aws/ssm key)"`;

exports[`asKeyrackAwsParamErrorGate given: [case2] ssm denied (c14) when: [t1] write op then: the write grant-list hint matches snapshot (user-faced) 1`] = `"add the absent grant to this identity, then re-run; why (raw AWS): AccessDeniedException — AccessDenied; aws.params set needs these grants on this identity:; ssm:DescribeParameters on * (MUST be "*", no resource scope); ssm:ListTagsForResource on parameter/keyrack/infra/vault/aws.params/*; ssm:PutParameter on parameter/keyrack/infra/vault/aws.params/*; ssm:GetParameter on parameter/keyrack/infra/vault/aws.params/*; kms:Encrypt, kms:Decrypt on the key that encrypts these params (implicit on the default alias/aws/ssm key)"`;

exports[`asKeyrackAwsParamErrorGate given: [case3] kms denied (c15) when: [t0] read op then: the kms-denied read hint matches snapshot (user-faced) 1`] = `"add the absent kms grant to this identity, then re-run; why (raw AWS): AccessDeniedException — not authorized to perform kms:Decrypt; aws.params unlock needs these grants on this identity:; ssm:GetParameter on parameter/keyrack/infra/vault/aws.params/*; kms:Decrypt on the key that encrypts these params (implicit on the default alias/aws/ssm key)"`;

exports[`asKeyrackAwsParamErrorGate given: [case3] kms denied (c15) when: [t1] write op then: the kms-denied write hint matches snapshot (user-faced) 1`] = `"add the absent kms grant to this identity, then re-run; why (raw AWS): AccessDeniedException — not authorized to perform kms:Encrypt; aws.params set needs these grants on this identity:; ssm:DescribeParameters on * (MUST be "*", no resource scope); ssm:ListTagsForResource on parameter/keyrack/infra/vault/aws.params/*; ssm:PutParameter on parameter/keyrack/infra/vault/aws.params/*; ssm:GetParameter on parameter/keyrack/infra/vault/aws.params/*; kms:Encrypt, kms:Decrypt on the key that encrypts these params (implicit on the default alias/aws/ssm key)"`;

exports[`asKeyrackAwsParamErrorGate given: [case4] a transient 5xx (c29) when: [t0] classified via the structured http status then: the transient hint matches snapshot (user-faced) 1`] = `"transient — retry the unlock; v1 does not auto-retry; why (raw AWS): InternalFailure — InternalFailure"`;

exports[`asKeyrackAwsParamErrorGate given: [case5] an unknown error (c25) when: [t0] classified then: the unknown-error hint matches snapshot (user-faced) 1`] = `"an unexpected SSM error — inspect the cause; this was never mapped to a known gate; why (raw AWS): SomeUnmappedError — weird"`;

exports[`asKeyrackAwsParamErrorGate given: [case6] the INCIDENT: AccessDenied whose prose contains "no identity-based policy" (2026-08-05) when: [t0] classified for the write (set) op then: the full rendered hint matches snapshot (user-faced contract) 1`] = `"add the absent grant to this identity, then re-run; why (raw AWS): AccessDeniedException — User: arn:aws:sts::261599400667:assumed-role/ahbode-camp-grove-role/i-0abc is not authorized to perform: ssm:DescribeParameters on resource: * because no identity-based policy allows the action; aws.params set needs these grants on this identity:; ssm:DescribeParameters on * (MUST be "*", no resource scope); ssm:ListTagsForResource on parameter/keyrack/infra/vault/aws.params/*; ssm:PutParameter on parameter/keyrack/infra/vault/aws.params/*; ssm:GetParameter on parameter/keyrack/infra/vault/aws.params/*; kms:Encrypt, kms:Decrypt on the key that encrypts these params (implicit on the default alias/aws/ssm key)"`;

exports[`asKeyrackAwsParamErrorGate given: [case8] ssm denied on a delete op (the del path — c14 for del) when: [t0] the denied action is ssm:DeleteParameter then: the del denied-action hint matches snapshot (user-faced) 1`] = `"add the absent grant to this identity, then re-run; why (raw AWS): AccessDeniedException — User: arn:aws:sts::261599400667:assumed-role/some-role/i-0abc is not authorized to perform: ssm:DeleteParameter on resource: parameter/keyrack/... because no identity-based policy allows the action; aws.params del needs these grants on this identity:; ssm:DescribeParameters on * (MUST be "*", no resource scope); ssm:ListTagsForResource on parameter/keyrack/infra/vault/aws.params/*; ssm:DeleteParameter on parameter/keyrack/infra/vault/aws.params/*"`;
