// Jest Snapshot v1, https://jestjs.io/docs/snapshot-testing

exports[`invoke — an unclassified throw (integration) given: [case1] a config that raises a PLAIN Error, above the parse when: [t0] the cli renders the failure then: the WHOLE SCREEN holds its shape 1`] = `
"
💥 MalfunctionError: a fixture config refused to load, by design

{
  "hint": "this error reached the cli UNCLASSIFIED, so \`MalfunctionError\` is this layer's verdict rather than its thrower's — read \`cause\` for the class actually raised and \`stack\` for where. the repair is at the THROW SITE: raise a \`ConstraintError\` (exit 2, the caller amends) or a \`MalfunctionError\` (exit 1, we repair) there, so no layer has to guess",
  "cause": {
    "class": "Error",
    "message": "a fixture config refused to load, by design"
  },
  "stack": "Error: a fixture config refused to load, by design\\n    at Object.getRoleRegistries (/REPO_ROOT/src/.test/example.use.repo/example.rhachet.use.plainThrow.ts:LINE:COL)\\n    at getRoleRegistriesByConfigExplicit (/REPO_ROOT/src/domain.operations/config/getRoleRegistriesByConfigExplicit.ts:LINE:COL)\\n    at async <anonymous> (/REPO_ROOT/src/domain.operations/config/genContextConfigOfUsage.ts:LINE:COL)\\n    at async _invoke (/REPO_ROOT/src/contract/cli/invoke.ts:LINE:COL)\\n    at async withEmojiSpaceShim (/REPO_ROOT/node_modules/.pnpm/emoji-space-shim@0.1.3/node_modules/emoji-space-shim/src/contract/sdk/withEmojiSpaceShim.ts:LINE:COL)"
}

[args] --config,src/.test/example.use.repo/example.rhachet.use.plainThrow.ts,readme,--repo,echo,--role,echoer

"
`;

exports[`invoke — an unclassified throw (integration) given: [case2] a CLASSIFIED failure, on the same surface when: [t0] the cli renders the failure then: the WHOLE SCREEN holds its shape 1`] = `
"
✋ ConstraintError: explicit config required but not found. create rhachet.use.ts or use --config

[args] readme,--repo,nope,--role,nope

"
`;

exports[`invoke — an unclassified throw (integration) given: [case3] a DUPLICATE role.slug across two linked registries when: [t0] the cli renders the failure then: the WHOLE SCREEN holds its shape 1`] = `
"
✋ ConstraintError: two registries declare the same role.slug

{
  "hint": "unlink one of the two registries, or rename the role in whichever you own",
  "slugRole": "echoer",
  "slugRegistryFirst": "echo",
  "slugRegistrySecond": "echo",
  "why": "a role.slug addresses one role, so two registries that claim it leave every lookup ambiguous"
}

[args] --config,src/.test/example.use.repo/example.rhachet.use.duplicateRoles.ts,readme,--repo,echo,--role,echoer

"
`;
