// Jest Snapshot v1, https://jestjs.io/docs/snapshot-testing

exports[`invokeBriefsBoot (integration) given: a CLI program with invokeBriefsBoot registered when: invoked with "boot --repo test --role mechanic" after creating briefs then: it should print all brief files with stats 1`] = `
"#####################################################
#####################################################
#####################################################
## began:stats
#####################################################

  quant
    ├── files = 2
    ├── chars = 60
    └── tokens ≈ 15 (< $0.01 at $3/mil)

  treestruct
    @gitroot/src/contract/cli/.temp/invokeBriefsBoot/.agent/repo=test/role=mechanic/briefs
    ├── brief1.md
    └── brief2.md

  quant
    ├── files = 2
    ├── chars = 60
    └── tokens ≈ 15 (< $0.01 at $3/mil)

#####################################################
## ended:stats
#####################################################
#####################################################
#####################################################

#####################################################
#####################################################
#####################################################
## began:.agent/repo=test/role=mechanic/briefs/brief1.md
#####################################################

  # Brief 1
  This is test brief 1

#####################################################
## ended:.agent/repo=test/role=mechanic/briefs/brief1.md
#####################################################
#####################################################
#####################################################

#####################################################
#####################################################
#####################################################
## began:.agent/repo=test/role=mechanic/briefs/brief2.md
#####################################################

  # Brief 2
  This is test brief 2

#####################################################
## ended:.agent/repo=test/role=mechanic/briefs/brief2.md
#####################################################
#####################################################
#####################################################

#####################################################
#####################################################
#####################################################
## began:stats
#####################################################

  quant
    ├── files = 2
    ├── chars = 60
    └── tokens ≈ 15 (< $0.01 at $3/mil)

  treestruct
    @gitroot/src/contract/cli/.temp/invokeBriefsBoot/.agent/repo=test/role=mechanic/briefs
    ├── brief1.md
    └── brief2.md

  quant
    ├── files = 2
    ├── chars = 60
    └── tokens ≈ 15 (< $0.01 at $3/mil)

#####################################################
## ended:stats
#####################################################
#####################################################
#####################################################
"
`;
