// Jest Snapshot v1, https://jestjs.io/docs/snapshot-testing

exports[`getGhFileContent given: [case3] a transient failure (non-404) when: [t0] read then: it fails loud (never mistaken for an absent file) 1`] = `
"💥 MalfunctionError: gh contents read failed

{
  "repo": "ehmpathy/keyrack-infra",
  "path": "registry/github-apps.json",
  "stderr": "HTTP 429: rate limit exceeded",
  "status": 1,
  "hint": "check \`gh auth status\`; if authenticated, the api may be rate-limited or down — try again"
}"
`;
