// Jest Snapshot v1, https://jestjs.io/docs/snapshot-testing

exports[`rhx clone — a 5-turn conversation with a real @:joker (real acceptance) given: [case1] a real claude enrolled as @:joker through a real pty when: [t1] turn 1 — ask for a joke BY SLUG then: the LIVE say head renders as snapped (masked vibecheck) 1`] = `"😶🎙️ <verdict> @:<address>"`;

exports[`rhx clone — a 5-turn conversation with a real @:joker (real acceptance) given: [case1] a real claude enrolled as @:joker through a real pty when: [t4] turn 4 — a joke request piped via \`--what @stdin\` then: the LIVE say head renders as snapped (masked vibecheck) 1`] = `"😶🎙️ <verdict> @:<address>"`;
