// Jest Snapshot v1, https://jestjs.io/docs/snapshot-testing

exports[`keyrack.vault.githubSecrets given: [case1] set key with PERMANENT_VIA_REPLICA when: [t0] keyrack set --key --vault github.secrets --mech PERMANENT_VIA_REPLICA via pty then: stdout matches snapshot 1`] = `
"🔐 keyrack set (org: testorg, env: test)
   └─ testorg.test.NEW_SECRET
      ├─ mech: PERMANENT_VIA_REPLICA
      └─ vault: github.secrets"
`;

exports[`keyrack.vault.githubSecrets given: [case2] get key from write-only github.secrets vault when: [t0] keyrack get --key for github.secrets key then: stdout shows remote status 1`] = `
"
🔐 keyrack
   └─ testorg.test.GITHUB_SECRET_KEY
      ├─ status: absent 🫧
      └─ [2mtip: rhx keyrack set --key GITHUB_SECRET_KEY --env test[0m

"
`;

exports[`keyrack.vault.githubSecrets given: [case3] del key from github.secrets vault when: [t0] keyrack del --key for github.secrets key then: stdout matches snapshot 1`] = `
"

🗑️  keyrack del
   └─ testorg.test.GITHUB_SECRET_KEY removed

"
`;

exports[`keyrack.vault.githubSecrets given: [case4] missing package.json repository field when: [t0] keyrack set --vault github.secrets without repository field via pty then: output shows repository field required error 1`] = `
"✋ ConstraintError: package.json.repository required for github.secrets vault
{
  "gitroot": "/tmp/rhachet-test-XXXXX",
  "hint": "add repository field to package.json, e.g., \\"repository\\": \\"owner/repo\\""
}
[args] keyrack,set,--key,NEW_SECRET,--env,test,--vault,github.secrets,--mech,PERMANENT_VIA_REPLICA"
`;

exports[`keyrack.vault.githubSecrets given: [case5] set key with EPHEMERAL_VIA_GITHUB_APP when: [t0] keyrack set --key --vault github.secrets --mech EPHEMERAL_VIA_GITHUB_APP via pty then: stdout matches snapshot 1`] = `
"🔐 keyrack set testorg.test.GITHUB_APP_SECRET via EPHEMERAL_VIA_GITHUB_APP
   │
   ├─ which github org?
   │  ├─ options
   │  │  ├─ 1. testorg
   │  │  ├─ 2. otherorg
   │  └─ choice: 1
   │     └─ testorg ✓
   │
   ├─ which github app?
   │  ├─ options
   │  │  ├─ 1. my-test-app (id: 123456)
   │  │  ├─ 2. other-app (id: 654321)
   │  └─ choice: 1
   │     └─ my-test-app ✓
   │
   ├─ which github app secret?
   │  └─ private key path (.pem): ./mock-app.pem
   │
   └─ ✓ pushed to github.secrets (no roundtrip — write-only vault)
⠀
🔐 keyrack set (org: testorg, env: test)
   └─ testorg.test.GITHUB_APP_SECRET
      ├─ mech: EPHEMERAL_VIA_GITHUB_APP
      └─ vault: github.secrets"
`;
