// Jest Snapshot v1, https://jestjs.io/docs/snapshot-testing

exports[`rhachet run given: [case1] repo with skills when: [t4] run --skill echo-args --help (help flag passthrough) then: --help is passed through to skill (not intercepted by rhachet) 1`] = `
"
🪨 run solid skill repo=.this/role=any/skill=echo-args

args: --skill echo-args --help
"
`;

exports[`rhachet run given: [case6] short flags on run (\`-r\`/\`-s\`) after the enroll \`-r\` fix when: [t0] \`run -r any -s say-hello\` (short-flag form) then: the short-flag stderr is locked to a snapshot 1`] = `""`;
