// Jest Snapshot v1, https://jestjs.io/docs/snapshot-testing

exports[`keyrack daemon cache given: [case1] repo with os.secure vault, after unlock when: [t0] keyrack get --key SECURE_API_KEY --json (no passphrase) then: stdout matches snapshot 1`] = `
{
  "grant": {
    "env": "test",
    "key": {
      "grade": {
        "duration": "permanent",
        "protection": "encrypted",
      },
      "secret": "portable-secure-value-xyz789",
    },
    "org": "testorg",
    "slug": "testorg.test.SECURE_API_KEY",
    "source": {
      "mech": "REPLICA",
      "vault": "os.daemon",
    },
  },
  "status": "granted",
}
`;

exports[`keyrack daemon cache given: [case2] repo with os.secure vault, daemon empty when: [t0] keyrack get --key SECURE_API_KEY --json (without unlock) then: stdout matches snapshot 1`] = `
{
  "fix": "run: rhx keyrack unlock --env test --key testorg.test.SECURE_API_KEY",
  "message": "credential 'testorg.test.SECURE_API_KEY' is locked. unlock it first.",
  "slug": "testorg.test.SECURE_API_KEY",
  "status": "locked",
}
`;

exports[`keyrack daemon cache given: [case3] repo with os.secure vault, KEYRACK_PASSPHRASE available when: [t0] keyrack get with KEYRACK_PASSPHRASE env (without unlock) then: stdout matches snapshot 1`] = `
{
  "fix": "run: rhx keyrack unlock --env test --key testorg.test.SECURE_API_KEY",
  "message": "credential 'testorg.test.SECURE_API_KEY' is locked. unlock it first.",
  "slug": "testorg.test.SECURE_API_KEY",
  "status": "locked",
}
`;

exports[`keyrack daemon cache given: [case4] repo with daemon cache and source vault when: [t0] keyrack get with KEYRACK_PASSPHRASE (daemon should still win) then: stdout matches snapshot 1`] = `
{
  "grant": {
    "env": "test",
    "key": {
      "grade": {
        "duration": "permanent",
        "protection": "encrypted",
      },
      "secret": "portable-secure-value-xyz789",
    },
    "org": "testorg",
    "slug": "testorg.test.SECURE_API_KEY",
    "source": {
      "mech": "REPLICA",
      "vault": "os.daemon",
    },
  },
  "status": "granted",
}
`;

exports[`keyrack daemon cache given: [case5] mid-session unlock flow when: [t0] get before unlock (daemon empty) then: stdout matches snapshot 1`] = `
{
  "fix": "run: rhx keyrack unlock --env test --key testorg.test.SECURE_API_KEY",
  "message": "credential 'testorg.test.SECURE_API_KEY' is locked. unlock it first.",
  "slug": "testorg.test.SECURE_API_KEY",
  "status": "locked",
}
`;

exports[`keyrack daemon cache given: [case5] mid-session unlock flow when: [t1] unlock then get (should succeed) then: stdout matches snapshot 1`] = `
{
  "grant": {
    "env": "test",
    "key": {
      "grade": {
        "duration": "permanent",
        "protection": "encrypted",
      },
      "secret": "portable-secure-value-xyz789",
    },
    "org": "testorg",
    "slug": "testorg.test.SECURE_API_KEY",
    "source": {
      "mech": "REPLICA",
      "vault": "os.daemon",
    },
  },
  "status": "granted",
}
`;

exports[`keyrack daemon cache given: [case6] unlock via recipient key discovery when: [t0] unlock via recipient key discovery then: unlock stdout matches snapshot 1`] = `
"
🔓 keyrack unlock
   └─ testorg.test.SECURE_API_KEY
      ├─ env: test
      ├─ org: testorg
      ├─ vault: os.secure
      └─ expires in: 540m

"
`;

exports[`keyrack daemon cache given: [case6] unlock via recipient key discovery when: [t1] get after unlock (human readable) then: get stdout matches snapshot 1`] = `
"
🔐 keyrack
   └─ testorg.test.SECURE_API_KEY
      ├─ vault: os.daemon
      ├─ mech: REPLICA
      └─ status: granted 🔑

"
`;
